<?xml version="1.0" encoding="utf-8"?><testsuite errors="0" failures="0" name="pytest" skips="0" tests="4" time="1.516"><testcase classname="tests.integration.test_data_retrieval" name="test_search_show" time="0.171061992645"><system-err>call to: search with {&apos;year&apos;: None, &apos;type&apos;: None, &apos;query&apos;: &apos;Dexter&apos;}
&lt;Show&gt; building nested property &apos;images&apos; with {u&apos;fanart&apos;: {u&apos;thumb&apos;: u&apos;https://walter.trakt.us/images/shows/000/001/396/fanarts/thumb/3c810f5c41.jpg&apos;, u&apos;medium&apos;: u&apos;https://walter.trakt.us/images/shows/000/001/396/fanarts/medium/3c810f5c41.jpg&apos;, u&apos;full&apos;: u&apos;https://walter.trakt.us/images/shows/000/001/396/fanarts/original/3c810f5c41.jpg&apos;}, u&apos;poster&apos;: {u&apos;thumb&apos;: u&apos;https://walter.trakt.us/images/shows/000/001/396/posters/thumb/eed62704ed.jpg&apos;, u&apos;medium&apos;: u&apos;https://walter.trakt.us/images/shows/000/001/396/posters/medium/eed62704ed.jpg&apos;, u&apos;full&apos;: u&apos;https://walter.trakt.us/images/shows/000/001/396/posters/original/eed62704ed.jpg&apos;}}
</system-err></testcase><testcase classname="tests.integration.test_data_retrieval" name="test_search_movie" time="0.803502082825"><system-err>call to: search with {&apos;year&apos;: None, &apos;type&apos;: &apos;movie&apos;, &apos;query&apos;: &apos;The Big Lebowski&apos;}
&lt;Movie&gt; is extending &apos;released&apos; using &apos;full&apos;
call to: /movies/84 with {&apos;extended&apos;: &apos;full&apos;}
&lt;Movie&gt; is updating its data, because of &apos;released&apos; with {u&apos;certification&apos;: u&apos;R&apos;, u&apos;available_translations&apos;: [u&apos;en&apos;, u&apos;de&apos;, u&apos;it&apos;, u&apos;ru&apos;, u&apos;fr&apos;, u&apos;hu&apos;, u&apos;pt&apos;, u&apos;da&apos;, u&apos;es&apos;, u&apos;tr&apos;, u&apos;sv&apos;, u&apos;cs&apos;, u&apos;zh&apos;, u&apos;nl&apos;, u&apos;el&apos;, u&apos;pl&apos;, u&apos;he&apos;], u&apos;votes&apos;: 5198, u&apos;overview&apos;: u&apos;Jeffrey &quot;The Dude&quot; Lebowski, a Los Angeles slacker who only wants to bowl and drink white Russians, is mistaken for another Jeffrey Lebowski, a wheelchair-bound millionaire, and finds himself dragged into a strange series of events involving nihilists, adult film producers, ferrets, errant toes, and large sums of money.&apos;, u&apos;language&apos;: u&apos;en&apos;, u&apos;ids&apos;: {u&apos;imdb&apos;: u&apos;tt0118715&apos;, u&apos;slug&apos;: u&apos;the-big-lebowski-1998&apos;, u&apos;tmdb&apos;: 115, u&apos;trakt&apos;: 84}, u&apos;trailer&apos;: u&apos;http://youtube.com/watch?v=cd-go0oBF4Y&apos;, u&apos;runtime&apos;: 117, u&apos;genres&apos;: [u&apos;comedy&apos;, u&apos;crime&apos;], u&apos;released&apos;: u&apos;1998-03-06&apos;, u&apos;updated_at&apos;: u&apos;2015-04-26T08:43:14.000Z&apos;, u&apos;homepage&apos;: u&apos;http://www.biglebowskibluray.com/splash.php&apos;, u&apos;rating&apos;: 8.41477, u&apos;year&apos;: 1998, u&apos;title&apos;: u&apos;The Big Lebowski&apos;, u&apos;tagline&apos;: u&apos;They figured he was a lazy time wasting slacker. They were right.&apos;}
&lt;Movie&gt; building nested property &apos;released&apos; with 1998-03-06
&lt;Movie&gt; building nested property &apos;released&apos; with 1998-03-06
&lt;Movie&gt; building nested property &apos;images&apos; with {u&apos;fanart&apos;: {u&apos;thumb&apos;: u&apos;https://walter.trakt.us/images/movies/000/000/084/fanarts/thumb/b68f42e538.jpg&apos;, u&apos;medium&apos;: u&apos;https://walter.trakt.us/images/movies/000/000/084/fanarts/medium/b68f42e538.jpg&apos;, u&apos;full&apos;: u&apos;https://walter.trakt.us/images/movies/000/000/084/fanarts/original/b68f42e538.jpg&apos;}, u&apos;poster&apos;: {u&apos;thumb&apos;: u&apos;https://walter.trakt.us/images/movies/000/000/084/posters/thumb/1222265c49.jpg&apos;, u&apos;medium&apos;: u&apos;https://walter.trakt.us/images/movies/000/000/084/posters/medium/1222265c49.jpg&apos;, u&apos;full&apos;: u&apos;https://walter.trakt.us/images/movies/000/000/084/posters/original/1222265c49.jpg&apos;}}
&lt;Movie&gt; building nested property &apos;images&apos; with {u&apos;fanart&apos;: {u&apos;thumb&apos;: u&apos;https://walter.trakt.us/images/movies/000/000/084/fanarts/thumb/b68f42e538.jpg&apos;, u&apos;medium&apos;: u&apos;https://walter.trakt.us/images/movies/000/000/084/fanarts/medium/b68f42e538.jpg&apos;, u&apos;full&apos;: u&apos;https://walter.trakt.us/images/movies/000/000/084/fanarts/original/b68f42e538.jpg&apos;}, u&apos;poster&apos;: {u&apos;thumb&apos;: u&apos;https://walter.trakt.us/images/movies/000/000/084/posters/thumb/1222265c49.jpg&apos;, u&apos;medium&apos;: u&apos;https://walter.trakt.us/images/movies/000/000/084/posters/medium/1222265c49.jpg&apos;, u&apos;full&apos;: u&apos;https://walter.trakt.us/images/movies/000/000/084/posters/original/1222265c49.jpg&apos;}}
</system-err></testcase><testcase classname="tests.integration.test_data_retrieval" name="test_season" time="0.242410898209"><system-err>&lt;Show&gt; is extending &apos;seasons&apos; using &apos;/seasons&apos;
call to: shows/1396/seasons with None
&lt;Show&gt; building nested property &apos;seasons&apos; with [{u&apos;number&apos;: 0, u&apos;ids&apos;: {u&apos;tvdb&apos;: 26788, u&apos;tmdb&apos;: 59533, u&apos;trakt&apos;: 3998, u&apos;tvrage&apos;: None}}, {u&apos;number&apos;: 1, u&apos;ids&apos;: {u&apos;tvdb&apos;: 16279, u&apos;tmdb&apos;: 59499, u&apos;trakt&apos;: 3999, u&apos;tvrage&apos;: None}}, {u&apos;number&apos;: 2, u&apos;ids&apos;: {u&apos;tvdb&apos;: 17604, u&apos;tmdb&apos;: 59500, u&apos;trakt&apos;: 4000, u&apos;tvrage&apos;: None}}, {u&apos;number&apos;: 3, u&apos;ids&apos;: {u&apos;tvdb&apos;: 34879, u&apos;tmdb&apos;: 59502, u&apos;trakt&apos;: 4001, u&apos;tvrage&apos;: None}}, {u&apos;number&apos;: 4, u&apos;ids&apos;: {u&apos;tvdb&apos;: 41602, u&apos;tmdb&apos;: 59504, u&apos;trakt&apos;: 4002, u&apos;tvrage&apos;: None}}, {u&apos;number&apos;: 5, u&apos;ids&apos;: {u&apos;tvdb&apos;: 268911, u&apos;tmdb&apos;: 59506, u&apos;trakt&apos;: 4003, u&apos;tvrage&apos;: None}}, {u&apos;number&apos;: 6, u&apos;ids&apos;: {u&apos;tvdb&apos;: 454101, u&apos;tmdb&apos;: 59509, u&apos;trakt&apos;: 4004, u&apos;tvrage&apos;: None}}, {u&apos;number&apos;: 7, u&apos;ids&apos;: {u&apos;tvdb&apos;: 483597, u&apos;tmdb&apos;: 59510, u&apos;trakt&apos;: 4005, u&apos;tvrage&apos;: None}}, {u&apos;number&apos;: 8, u&apos;ids&apos;: {u&apos;tvdb&apos;: 509766, u&apos;tmdb&apos;: 59512, u&apos;trakt&apos;: 4006, u&apos;tvrage&apos;: None}}]
&lt;Season&gt; is extending &apos;aired_episodes&apos; using &apos;-full&apos;
call to: shows/1396/seasons with {&apos;extended&apos;: &apos;full&apos;}
&lt;Season&gt; is applying &apos;aired_episodes&apos; with entry &lt;BaseModel&gt;
&lt;Season&gt; is extending &apos;images&apos; using &apos;-images&apos;
call to: shows/1396/seasons with {&apos;extended&apos;: &apos;images&apos;}
&lt;Season&gt; is applying &apos;images&apos; with entry &lt;BaseModel&gt;
&lt;Season&gt; building nested property &apos;images&apos; with {u&apos;poster&apos;: {u&apos;thumb&apos;: u&apos;https://walter.trakt.us/images/seasons/000/003/999/posters/thumb/3321419b5a.jpg&apos;, u&apos;medium&apos;: u&apos;https://walter.trakt.us/images/seasons/000/003/999/posters/medium/3321419b5a.jpg&apos;, u&apos;full&apos;: u&apos;https://walter.trakt.us/images/seasons/000/003/999/posters/original/3321419b5a.jpg&apos;}, u&apos;thumb&apos;: {u&apos;full&apos;: u&apos;https://walter.trakt.us/images/seasons/000/003/999/thumbs/original/5d57da3f58.jpg&apos;}}
</system-err></testcase><testcase classname="tests.integration.test_data_retrieval" name="test_episodes" time="0.270696878433"><system-err>&lt;Show&gt; is extending &apos;seasons&apos; using &apos;/seasons&apos;
call to: shows/1396/seasons with None
&lt;Show&gt; building nested property &apos;seasons&apos; with [{u&apos;number&apos;: 0, u&apos;ids&apos;: {u&apos;tvdb&apos;: 26788, u&apos;tmdb&apos;: 59533, u&apos;trakt&apos;: 3998, u&apos;tvrage&apos;: None}}, {u&apos;number&apos;: 1, u&apos;ids&apos;: {u&apos;tvdb&apos;: 16279, u&apos;tmdb&apos;: 59499, u&apos;trakt&apos;: 3999, u&apos;tvrage&apos;: None}}, {u&apos;number&apos;: 2, u&apos;ids&apos;: {u&apos;tvdb&apos;: 17604, u&apos;tmdb&apos;: 59500, u&apos;trakt&apos;: 4000, u&apos;tvrage&apos;: None}}, {u&apos;number&apos;: 3, u&apos;ids&apos;: {u&apos;tvdb&apos;: 34879, u&apos;tmdb&apos;: 59502, u&apos;trakt&apos;: 4001, u&apos;tvrage&apos;: None}}, {u&apos;number&apos;: 4, u&apos;ids&apos;: {u&apos;tvdb&apos;: 41602, u&apos;tmdb&apos;: 59504, u&apos;trakt&apos;: 4002, u&apos;tvrage&apos;: None}}, {u&apos;number&apos;: 5, u&apos;ids&apos;: {u&apos;tvdb&apos;: 268911, u&apos;tmdb&apos;: 59506, u&apos;trakt&apos;: 4003, u&apos;tvrage&apos;: None}}, {u&apos;number&apos;: 6, u&apos;ids&apos;: {u&apos;tvdb&apos;: 454101, u&apos;tmdb&apos;: 59509, u&apos;trakt&apos;: 4004, u&apos;tvrage&apos;: None}}, {u&apos;number&apos;: 7, u&apos;ids&apos;: {u&apos;tvdb&apos;: 483597, u&apos;tmdb&apos;: 59510, u&apos;trakt&apos;: 4005, u&apos;tvrage&apos;: None}}, {u&apos;number&apos;: 8, u&apos;ids&apos;: {u&apos;tvdb&apos;: 509766, u&apos;tmdb&apos;: 59512, u&apos;trakt&apos;: 4006, u&apos;tvrage&apos;: None}}]
&lt;Season&gt; is extending &apos;episodes&apos; using &apos;episodes&apos;
call to: shows/1396/seasons/1 with {&apos;extended&apos;: &apos;episodes&apos;}
&lt;Season&gt; building nested property &apos;episodes&apos; with [{u&apos;number&apos;: 1, u&apos;ids&apos;: {u&apos;tvdb&apos;: 307473, u&apos;imdb&apos;: None, u&apos;tmdb&apos;: 953083, u&apos;trakt&apos;: 74161, u&apos;tvrage&apos;: 408409}, u&apos;season&apos;: 1, u&apos;title&apos;: u&apos;Dexter&apos;}, {u&apos;number&apos;: 2, u&apos;ids&apos;: {u&apos;tvdb&apos;: 308834, u&apos;imdb&apos;: None, u&apos;tmdb&apos;: 953084, u&apos;trakt&apos;: 74162, u&apos;tvrage&apos;: 408410}, u&apos;season&apos;: 1, u&apos;title&apos;: u&apos;Crocodile&apos;}, {u&apos;number&apos;: 3, u&apos;ids&apos;: {u&apos;tvdb&apos;: 310842, u&apos;imdb&apos;: None, u&apos;tmdb&apos;: 953085, u&apos;trakt&apos;: 74163, u&apos;tvrage&apos;: 408411}, u&apos;season&apos;: 1, u&apos;title&apos;: u&apos;Popping Cherry&apos;}, {u&apos;number&apos;: 4, u&apos;ids&apos;: {u&apos;tvdb&apos;: 310843, u&apos;imdb&apos;: None, u&apos;tmdb&apos;: 953086, u&apos;trakt&apos;: 74164, u&apos;tvrage&apos;: 408412}, u&apos;season&apos;: 1, u&apos;title&apos;: u&quot;Let&apos;s Give the Boy a Hand&quot;}, {u&apos;number&apos;: 5, u&apos;ids&apos;: {u&apos;tvdb&apos;: 310844, u&apos;imdb&apos;: None, u&apos;tmdb&apos;: 953087, u&apos;trakt&apos;: 74165, u&apos;tvrage&apos;: None}, u&apos;season&apos;: 1, u&apos;title&apos;: u&apos;Love American Style&apos;}, {u&apos;number&apos;: 6, u&apos;ids&apos;: {u&apos;tvdb&apos;: 310845, u&apos;imdb&apos;: None, u&apos;tmdb&apos;: 953088, u&apos;trakt&apos;: 74166, u&apos;tvrage&apos;: None}, u&apos;season&apos;: 1, u&apos;title&apos;: u&apos;Return to Sender&apos;}, {u&apos;number&apos;: 7, u&apos;ids&apos;: {u&apos;tvdb&apos;: 310846, u&apos;imdb&apos;: None, u&apos;tmdb&apos;: 953089, u&apos;trakt&apos;: 74167, u&apos;tvrage&apos;: 424492}, u&apos;season&apos;: 1, u&apos;title&apos;: u&apos;Circle of Friends&apos;}, {u&apos;number&apos;: 8, u&apos;ids&apos;: {u&apos;tvdb&apos;: 310847, u&apos;imdb&apos;: None, u&apos;tmdb&apos;: 953090, u&apos;trakt&apos;: 74168, u&apos;tvrage&apos;: 432894}, u&apos;season&apos;: 1, u&apos;title&apos;: u&apos;Shrink Wrap&apos;}, {u&apos;number&apos;: 9, u&apos;ids&apos;: {u&apos;tvdb&apos;: 310848, u&apos;imdb&apos;: None, u&apos;tmdb&apos;: 953091, u&apos;trakt&apos;: 74169, u&apos;tvrage&apos;: 438265}, u&apos;season&apos;: 1, u&apos;title&apos;: u&apos;Father Knows Best&apos;}, {u&apos;number&apos;: 10, u&apos;ids&apos;: {u&apos;tvdb&apos;: 310849, u&apos;imdb&apos;: None, u&apos;tmdb&apos;: 953092, u&apos;trakt&apos;: 74170, u&apos;tvrage&apos;: 455209}, u&apos;season&apos;: 1, u&apos;title&apos;: u&apos;Seeing Red&apos;}, {u&apos;number&apos;: 11, u&apos;ids&apos;: {u&apos;tvdb&apos;: 310850, u&apos;imdb&apos;: None, u&apos;tmdb&apos;: 953093, u&apos;trakt&apos;: 74171, u&apos;tvrage&apos;: 457921}, u&apos;season&apos;: 1, u&apos;title&apos;: u&apos;Truth Be Told&apos;}, {u&apos;number&apos;: 12, u&apos;ids&apos;: {u&apos;tvdb&apos;: 310851, u&apos;imdb&apos;: None, u&apos;tmdb&apos;: 953094, u&apos;trakt&apos;: 74172, u&apos;tvrage&apos;: 463786}, u&apos;season&apos;: 1, u&apos;title&apos;: u&apos;Born Free&apos;}]
&lt;Episode&gt; is extending &apos;first_aired&apos; using &apos;full&apos;
call to: shows/1396/seasons/1/episodes/2 with {&apos;extended&apos;: &apos;full&apos;}
&lt;Episode&gt; is updating its data, because of &apos;first_aired&apos; with {u&apos;number_abs&apos;: None, u&apos;available_translations&apos;: [], u&apos;votes&apos;: 585, u&apos;overview&apos;: u&quot;Being wrapped up in preparing for his next victim, Dexter, finds out that the Ice Truck Killer is aware of Dexter&apos;s dirty little secret.\n&quot;, u&apos;ids&apos;: {u&apos;tvdb&apos;: 308834, u&apos;imdb&apos;: None, u&apos;tmdb&apos;: 953084, u&apos;trakt&apos;: 74162, u&apos;tvrage&apos;: 408410}, u&apos;title&apos;: u&apos;Crocodile&apos;, u&apos;first_aired&apos;: u&apos;2006-10-08T04:00:00.000Z&apos;, u&apos;rating&apos;: 8.27521, u&apos;number&apos;: 2, u&apos;season&apos;: 1, u&apos;updated_at&apos;: u&apos;2015-06-05T06:53:38.000Z&apos;}
&lt;Episode&gt; building nested property &apos;first_aired&apos; with 2006-10-08T04:00:00.000Z
&lt;Episode&gt; building nested property &apos;first_aired&apos; with 2006-10-08T04:00:00.000Z
&lt;Episode&gt; is extending &apos;images&apos; using &apos;images&apos;
call to: shows/1396/seasons/1/episodes/2 with {&apos;extended&apos;: &apos;images&apos;}
&lt;Episode&gt; is updating its data, because of &apos;images&apos; with {u&apos;number&apos;: 2, u&apos;ids&apos;: {u&apos;tvdb&apos;: 308834, u&apos;imdb&apos;: None, u&apos;tmdb&apos;: 953084, u&apos;trakt&apos;: 74162, u&apos;tvrage&apos;: 408410}, u&apos;images&apos;: {u&apos;screenshot&apos;: {u&apos;thumb&apos;: u&apos;https://walter.trakt.us/images/episodes/000/074/162/screenshots/thumb/b5234ace3b.jpg&apos;, u&apos;medium&apos;: u&apos;https://walter.trakt.us/images/episodes/000/074/162/screenshots/medium/b5234ace3b.jpg&apos;, u&apos;full&apos;: u&apos;https://walter.trakt.us/images/episodes/000/074/162/screenshots/original/b5234ace3b.jpg&apos;}}, u&apos;season&apos;: 1, u&apos;title&apos;: u&apos;Crocodile&apos;}
&lt;Episode&gt; building nested property &apos;images&apos; with {u&apos;screenshot&apos;: {u&apos;thumb&apos;: u&apos;https://walter.trakt.us/images/episodes/000/074/162/screenshots/thumb/b5234ace3b.jpg&apos;, u&apos;medium&apos;: u&apos;https://walter.trakt.us/images/episodes/000/074/162/screenshots/medium/b5234ace3b.jpg&apos;, u&apos;full&apos;: u&apos;https://walter.trakt.us/images/episodes/000/074/162/screenshots/original/b5234ace3b.jpg&apos;}}
</system-err></testcase></testsuite>